2025-01-16 14:53:58,127 ----------------------------------------------------------------------------------------------------
2025-01-16 14:53:58,128 Model: "SequenceTagger(
  (embeddings): TransformerWordEmbeddings(
    (model): XLMRobertaModel(
      (embeddings): XLMRobertaEmbeddings(
        (word_embeddings): Embedding(250003, 1024)
        (position_embeddings): Embedding(514, 1024, padding_idx=1)
        (token_type_embeddings): Embedding(1, 1024)
        (LayerNorm): LayerNorm((1024,), eps=1e-05, elementwise_affine=True)
        (dropout): Dropout(p=0.1, inplace=False)
      )
      (encoder): XLMRobertaEncoder(
        (layer): ModuleList(
          (0-23): 24 x XLMRobertaLayer(
            (attention): XLMRobertaAttention(
              (self): XLMRobertaSelfAttention(
                (query): Linear(in_features=1024, out_features=1024, bias=True)
                (key): Linear(in_features=1024, out_features=1024, bias=True)
                (value): Linear(in_features=1024, out_features=1024, bias=True)
                (dropout): Dropout(p=0.1, inplace=False)
              )
              (output): XLMRobertaSelfOutput(
                (dense): Linear(in_features=1024, out_features=1024, bias=True)
                (LayerNorm): LayerNorm((1024,), eps=1e-05, elementwise_affine=True)
                (dropout): Dropout(p=0.1, inplace=False)
              )
            )
            (intermediate): XLMRobertaIntermediate(
              (dense): Linear(in_features=1024, out_features=4096, bias=True)
              (intermediate_act_fn): GELUActivation()
            )
            (output): XLMRobertaOutput(
              (dense): Linear(in_features=4096, out_features=1024, bias=True)
              (LayerNorm): LayerNorm((1024,), eps=1e-05, elementwise_affine=True)
              (dropout): Dropout(p=0.1, inplace=False)
            )
          )
        )
      )
      (pooler): XLMRobertaPooler(
        (dense): Linear(in_features=1024, out_features=1024, bias=True)
        (activation): Tanh()
      )
    )
  )
  (locked_dropout): LockedDropout(p=0.5)
  (linear): Linear(in_features=1024, out_features=13, bias=True)
  (loss_function): CrossEntropyLoss()
)"
2025-01-16 14:53:58,128 ----------------------------------------------------------------------------------------------------
2025-01-16 14:53:58,128 Corpus: 1570 train + 224 dev + 449 test sentences
2025-01-16 14:53:58,128 ----------------------------------------------------------------------------------------------------
2025-01-16 14:53:58,128 Train:  1570 sentences
2025-01-16 14:53:58,128         (train_with_dev=False, train_with_test=False)
2025-01-16 14:53:58,128 ----------------------------------------------------------------------------------------------------
2025-01-16 14:53:58,128 Training Params:
2025-01-16 14:53:58,128  - learning_rate: "5e-06" 
2025-01-16 14:53:58,128  - mini_batch_size: "4"
2025-01-16 14:53:58,128  - max_epochs: "20"
2025-01-16 14:53:58,128  - shuffle: "True"
2025-01-16 14:53:58,128 ----------------------------------------------------------------------------------------------------
2025-01-16 14:53:58,128 Plugins:
2025-01-16 14:53:58,128  - LinearScheduler | warmup_fraction: '0.1'
2025-01-16 14:53:58,128 ----------------------------------------------------------------------------------------------------
2025-01-16 14:53:58,128 Final evaluation on model after last epoch (final-model.pt)
2025-01-16 14:53:58,128  - metric: "('micro avg', 'f1-score')"
2025-01-16 14:53:58,128 ----------------------------------------------------------------------------------------------------
2025-01-16 14:53:58,128 Computation:
2025-01-16 14:53:58,128  - compute on device: cuda:0
2025-01-16 14:53:58,128  - embedding storage: none
2025-01-16 14:53:58,128 ----------------------------------------------------------------------------------------------------
2025-01-16 14:53:58,128 Model training base path: "resources/taggers/sota-ner-flert"
2025-01-16 14:53:58,128 ----------------------------------------------------------------------------------------------------
2025-01-16 14:53:58,128 ----------------------------------------------------------------------------------------------------
2025-01-16 14:54:04,792 epoch 1 - iter 39/393 - loss 2.60406237 - time (sec): 6.66 - samples/sec: 861.90 - lr: 0.000000 - momentum: 0.000000
2025-01-16 14:54:11,440 epoch 1 - iter 78/393 - loss 2.55482050 - time (sec): 13.31 - samples/sec: 922.17 - lr: 0.000000 - momentum: 0.000000
2025-01-16 14:54:17,700 epoch 1 - iter 117/393 - loss 2.46872274 - time (sec): 19.57 - samples/sec: 892.86 - lr: 0.000001 - momentum: 0.000000
2025-01-16 14:54:24,457 epoch 1 - iter 156/393 - loss 2.33579336 - time (sec): 26.33 - samples/sec: 908.55 - lr: 0.000001 - momentum: 0.000000
2025-01-16 14:54:31,118 epoch 1 - iter 195/393 - loss 2.04238194 - time (sec): 32.99 - samples/sec: 910.63 - lr: 0.000001 - momentum: 0.000000
2025-01-16 14:54:37,862 epoch 1 - iter 234/393 - loss 1.72177969 - time (sec): 39.73 - samples/sec: 922.43 - lr: 0.000001 - momentum: 0.000000
2025-01-16 14:54:44,636 epoch 1 - iter 273/393 - loss 1.48244454 - time (sec): 46.51 - samples/sec: 928.86 - lr: 0.000002 - momentum: 0.000000
2025-01-16 14:54:51,077 epoch 1 - iter 312/393 - loss 1.32021291 - time (sec): 52.95 - samples/sec: 923.61 - lr: 0.000002 - momentum: 0.000000
2025-01-16 14:54:57,424 epoch 1 - iter 351/393 - loss 1.19560078 - time (sec): 59.30 - samples/sec: 916.46 - lr: 0.000002 - momentum: 0.000000
2025-01-16 14:55:04,233 epoch 1 - iter 390/393 - loss 1.06696933 - time (sec): 66.10 - samples/sec: 928.39 - lr: 0.000002 - momentum: 0.000000
2025-01-16 14:55:04,665 ----------------------------------------------------------------------------------------------------
2025-01-16 14:55:04,665 EPOCH 1 done: loss 1.0598 - lr: 0.000002
2025-01-16 14:55:06,999 DEV : loss 0.043230291455984116 - f1-score (micro avg)  0.8594
2025-01-16 14:55:07,001 ----------------------------------------------------------------------------------------------------
2025-01-16 14:55:13,612 epoch 2 - iter 39/393 - loss 0.05729120 - time (sec): 6.61 - samples/sec: 963.83 - lr: 0.000003 - momentum: 0.000000
2025-01-16 14:55:20,361 epoch 2 - iter 78/393 - loss 0.04926285 - time (sec): 13.36 - samples/sec: 985.11 - lr: 0.000003 - momentum: 0.000000
2025-01-16 14:55:26,681 epoch 2 - iter 117/393 - loss 0.04800881 - time (sec): 19.68 - samples/sec: 933.02 - lr: 0.000003 - momentum: 0.000000
2025-01-16 14:55:33,309 epoch 2 - iter 156/393 - loss 0.04475272 - time (sec): 26.31 - samples/sec: 943.69 - lr: 0.000003 - momentum: 0.000000
2025-01-16 14:55:40,106 epoch 2 - iter 195/393 - loss 0.04416552 - time (sec): 33.10 - samples/sec: 950.23 - lr: 0.000004 - momentum: 0.000000
2025-01-16 14:55:46,727 epoch 2 - iter 234/393 - loss 0.04137060 - time (sec): 39.73 - samples/sec: 955.42 - lr: 0.000004 - momentum: 0.000000
2025-01-16 14:55:53,216 epoch 2 - iter 273/393 - loss 0.03990294 - time (sec): 46.21 - samples/sec: 950.89 - lr: 0.000004 - momentum: 0.000000
2025-01-16 14:55:59,756 epoch 2 - iter 312/393 - loss 0.04136405 - time (sec): 52.75 - samples/sec: 937.42 - lr: 0.000004 - momentum: 0.000000
2025-01-16 14:56:06,097 epoch 2 - iter 351/393 - loss 0.03888115 - time (sec): 59.09 - samples/sec: 929.39 - lr: 0.000005 - momentum: 0.000000
2025-01-16 14:56:12,866 epoch 2 - iter 390/393 - loss 0.03839133 - time (sec): 65.86 - samples/sec: 933.91 - lr: 0.000005 - momentum: 0.000000
2025-01-16 14:56:13,307 ----------------------------------------------------------------------------------------------------
2025-01-16 14:56:13,307 EPOCH 2 done: loss 0.0382 - lr: 0.000005
2025-01-16 14:56:15,550 DEV : loss 0.05319199338555336 - f1-score (micro avg)  0.9179
2025-01-16 14:56:15,552 ----------------------------------------------------------------------------------------------------
2025-01-16 14:56:22,256 epoch 3 - iter 39/393 - loss 0.03475412 - time (sec): 6.70 - samples/sec: 943.53 - lr: 0.000005 - momentum: 0.000000
2025-01-16 14:56:28,980 epoch 3 - iter 78/393 - loss 0.02712083 - time (sec): 13.43 - samples/sec: 951.83 - lr: 0.000005 - momentum: 0.000000
2025-01-16 14:56:35,713 epoch 3 - iter 117/393 - loss 0.02534503 - time (sec): 20.16 - samples/sec: 983.02 - lr: 0.000005 - momentum: 0.000000
2025-01-16 14:56:42,245 epoch 3 - iter 156/393 - loss 0.02905951 - time (sec): 26.69 - samples/sec: 979.81 - lr: 0.000005 - momentum: 0.000000
2025-01-16 14:56:49,126 epoch 3 - iter 195/393 - loss 0.02850806 - time (sec): 33.57 - samples/sec: 973.76 - lr: 0.000005 - momentum: 0.000000
2025-01-16 14:56:55,489 epoch 3 - iter 234/393 - loss 0.02849513 - time (sec): 39.94 - samples/sec: 952.27 - lr: 0.000005 - momentum: 0.000000
2025-01-16 14:57:02,153 epoch 3 - iter 273/393 - loss 0.02947723 - time (sec): 46.60 - samples/sec: 956.07 - lr: 0.000005 - momentum: 0.000000
2025-01-16 14:57:08,766 epoch 3 - iter 312/393 - loss 0.03077242 - time (sec): 53.21 - samples/sec: 946.08 - lr: 0.000005 - momentum: 0.000000
2025-01-16 14:57:15,286 epoch 3 - iter 351/393 - loss 0.03101278 - time (sec): 59.73 - samples/sec: 936.54 - lr: 0.000005 - momentum: 0.000000
2025-01-16 14:57:21,718 epoch 3 - iter 390/393 - loss 0.02934923 - time (sec): 66.16 - samples/sec: 929.13 - lr: 0.000005 - momentum: 0.000000
2025-01-16 14:57:22,140 ----------------------------------------------------------------------------------------------------
2025-01-16 14:57:22,140 EPOCH 3 done: loss 0.0294 - lr: 0.000005
2025-01-16 14:57:24,375 DEV : loss 0.03139391541481018 - f1-score (micro avg)  0.949
2025-01-16 14:57:24,377 ----------------------------------------------------------------------------------------------------
2025-01-16 14:57:31,073 epoch 4 - iter 39/393 - loss 0.02008572 - time (sec): 6.69 - samples/sec: 904.13 - lr: 0.000005 - momentum: 0.000000
2025-01-16 14:57:37,821 epoch 4 - iter 78/393 - loss 0.01565112 - time (sec): 13.44 - samples/sec: 922.62 - lr: 0.000005 - momentum: 0.000000
2025-01-16 14:57:44,422 epoch 4 - iter 117/393 - loss 0.01382745 - time (sec): 20.04 - samples/sec: 874.83 - lr: 0.000005 - momentum: 0.000000
2025-01-16 14:57:50,887 epoch 4 - iter 156/393 - loss 0.01791572 - time (sec): 26.51 - samples/sec: 890.89 - lr: 0.000005 - momentum: 0.000000
2025-01-16 14:57:57,608 epoch 4 - iter 195/393 - loss 0.01576735 - time (sec): 33.23 - samples/sec: 913.30 - lr: 0.000005 - momentum: 0.000000
2025-01-16 14:58:03,989 epoch 4 - iter 234/393 - loss 0.01625439 - time (sec): 39.61 - samples/sec: 924.09 - lr: 0.000005 - momentum: 0.000000
2025-01-16 14:58:10,585 epoch 4 - iter 273/393 - loss 0.01797584 - time (sec): 46.21 - samples/sec: 922.23 - lr: 0.000005 - momentum: 0.000000
2025-01-16 14:58:17,342 epoch 4 - iter 312/393 - loss 0.01896374 - time (sec): 52.96 - samples/sec: 932.14 - lr: 0.000005 - momentum: 0.000000
2025-01-16 14:58:23,845 epoch 4 - iter 351/393 - loss 0.02002527 - time (sec): 59.47 - samples/sec: 929.55 - lr: 0.000004 - momentum: 0.000000
2025-01-16 14:58:30,601 epoch 4 - iter 390/393 - loss 0.01931483 - time (sec): 66.22 - samples/sec: 928.12 - lr: 0.000004 - momentum: 0.000000
2025-01-16 14:58:31,046 ----------------------------------------------------------------------------------------------------
2025-01-16 14:58:31,046 EPOCH 4 done: loss 0.0192 - lr: 0.000004
2025-01-16 14:58:33,462 DEV : loss 0.021613458171486855 - f1-score (micro avg)  0.9666
2025-01-16 14:58:33,464 ----------------------------------------------------------------------------------------------------
2025-01-16 14:58:40,184 epoch 5 - iter 39/393 - loss 0.00939761 - time (sec): 6.72 - samples/sec: 873.68 - lr: 0.000004 - momentum: 0.000000
2025-01-16 14:58:46,716 epoch 5 - iter 78/393 - loss 0.01826152 - time (sec): 13.25 - samples/sec: 884.21 - lr: 0.000004 - momentum: 0.000000
2025-01-16 14:58:53,084 epoch 5 - iter 117/393 - loss 0.01660307 - time (sec): 19.62 - samples/sec: 874.14 - lr: 0.000004 - momentum: 0.000000
2025-01-16 14:58:59,705 epoch 5 - iter 156/393 - loss 0.01429419 - time (sec): 26.24 - samples/sec: 877.69 - lr: 0.000004 - momentum: 0.000000
2025-01-16 14:59:06,558 epoch 5 - iter 195/393 - loss 0.01484212 - time (sec): 33.09 - samples/sec: 911.92 - lr: 0.000004 - momentum: 0.000000
2025-01-16 14:59:13,190 epoch 5 - iter 234/393 - loss 0.01547373 - time (sec): 39.73 - samples/sec: 915.63 - lr: 0.000004 - momentum: 0.000000
2025-01-16 14:59:19,758 epoch 5 - iter 273/393 - loss 0.01491907 - time (sec): 46.29 - samples/sec: 926.98 - lr: 0.000004 - momentum: 0.000000
2025-01-16 14:59:26,329 epoch 5 - iter 312/393 - loss 0.01461488 - time (sec): 52.86 - samples/sec: 923.08 - lr: 0.000004 - momentum: 0.000000
2025-01-16 14:59:32,938 epoch 5 - iter 351/393 - loss 0.01345232 - time (sec): 59.47 - samples/sec: 927.43 - lr: 0.000004 - momentum: 0.000000
2025-01-16 14:59:39,596 epoch 5 - iter 390/393 - loss 0.01310088 - time (sec): 66.13 - samples/sec: 928.15 - lr: 0.000004 - momentum: 0.000000
2025-01-16 14:59:40,045 ----------------------------------------------------------------------------------------------------
2025-01-16 14:59:40,045 EPOCH 5 done: loss 0.0132 - lr: 0.000004
2025-01-16 14:59:42,296 DEV : loss 0.021646279841661453 - f1-score (micro avg)  0.9688
2025-01-16 14:59:42,298 ----------------------------------------------------------------------------------------------------
2025-01-16 14:59:49,091 epoch 6 - iter 39/393 - loss 0.00259219 - time (sec): 6.79 - samples/sec: 982.85 - lr: 0.000004 - momentum: 0.000000
2025-01-16 14:59:55,933 epoch 6 - iter 78/393 - loss 0.00451859 - time (sec): 13.63 - samples/sec: 970.94 - lr: 0.000004 - momentum: 0.000000
2025-01-16 15:00:02,369 epoch 6 - iter 117/393 - loss 0.01263832 - time (sec): 20.07 - samples/sec: 955.55 - lr: 0.000004 - momentum: 0.000000
2025-01-16 15:00:08,775 epoch 6 - iter 156/393 - loss 0.01142780 - time (sec): 26.48 - samples/sec: 940.35 - lr: 0.000004 - momentum: 0.000000
2025-01-16 15:00:15,305 epoch 6 - iter 195/393 - loss 0.01125146 - time (sec): 33.01 - samples/sec: 952.70 - lr: 0.000004 - momentum: 0.000000
2025-01-16 15:00:21,745 epoch 6 - iter 234/393 - loss 0.01070621 - time (sec): 39.45 - samples/sec: 923.20 - lr: 0.000004 - momentum: 0.000000
2025-01-16 15:00:28,418 epoch 6 - iter 273/393 - loss 0.01055966 - time (sec): 46.12 - samples/sec: 929.79 - lr: 0.000004 - momentum: 0.000000
2025-01-16 15:00:35,203 epoch 6 - iter 312/393 - loss 0.01015735 - time (sec): 52.90 - samples/sec: 927.70 - lr: 0.000004 - momentum: 0.000000
2025-01-16 15:00:41,734 epoch 6 - iter 351/393 - loss 0.01065097 - time (sec): 59.44 - samples/sec: 931.79 - lr: 0.000004 - momentum: 0.000000
2025-01-16 15:00:48,554 epoch 6 - iter 390/393 - loss 0.01064777 - time (sec): 66.26 - samples/sec: 927.02 - lr: 0.000004 - momentum: 0.000000
2025-01-16 15:00:49,000 ----------------------------------------------------------------------------------------------------
2025-01-16 15:00:49,000 EPOCH 6 done: loss 0.0106 - lr: 0.000004
2025-01-16 15:00:51,243 DEV : loss 0.014470702037215233 - f1-score (micro avg)  0.9795
2025-01-16 15:00:51,245 ----------------------------------------------------------------------------------------------------
2025-01-16 15:00:57,643 epoch 7 - iter 39/393 - loss 0.01083064 - time (sec): 6.40 - samples/sec: 930.92 - lr: 0.000004 - momentum: 0.000000
2025-01-16 15:01:04,345 epoch 7 - iter 78/393 - loss 0.00694597 - time (sec): 13.10 - samples/sec: 946.41 - lr: 0.000004 - momentum: 0.000000
2025-01-16 15:01:11,014 epoch 7 - iter 117/393 - loss 0.00589229 - time (sec): 19.77 - samples/sec: 951.32 - lr: 0.000004 - momentum: 0.000000
2025-01-16 15:01:17,597 epoch 7 - iter 156/393 - loss 0.00477801 - time (sec): 26.35 - samples/sec: 947.90 - lr: 0.000004 - momentum: 0.000000
2025-01-16 15:01:24,488 epoch 7 - iter 195/393 - loss 0.00552750 - time (sec): 33.24 - samples/sec: 946.04 - lr: 0.000004 - momentum: 0.000000
2025-01-16 15:01:30,975 epoch 7 - iter 234/393 - loss 0.00657862 - time (sec): 39.73 - samples/sec: 933.00 - lr: 0.000004 - momentum: 0.000000
2025-01-16 15:01:37,416 epoch 7 - iter 273/393 - loss 0.00634380 - time (sec): 46.17 - samples/sec: 923.15 - lr: 0.000004 - momentum: 0.000000
2025-01-16 15:01:43,944 epoch 7 - iter 312/393 - loss 0.00720977 - time (sec): 52.70 - samples/sec: 921.95 - lr: 0.000004 - momentum: 0.000000
2025-01-16 15:01:50,490 epoch 7 - iter 351/393 - loss 0.00719961 - time (sec): 59.24 - samples/sec: 925.49 - lr: 0.000004 - momentum: 0.000000
2025-01-16 15:01:57,202 epoch 7 - iter 390/393 - loss 0.00815789 - time (sec): 65.96 - samples/sec: 932.99 - lr: 0.000004 - momentum: 0.000000
2025-01-16 15:01:57,623 ----------------------------------------------------------------------------------------------------
2025-01-16 15:01:57,623 EPOCH 7 done: loss 0.0083 - lr: 0.000004
2025-01-16 15:01:59,871 DEV : loss 0.014412357471883297 - f1-score (micro avg)  0.9812
2025-01-16 15:01:59,873 ----------------------------------------------------------------------------------------------------
2025-01-16 15:02:06,368 epoch 8 - iter 39/393 - loss 0.00352937 - time (sec): 6.49 - samples/sec: 985.09 - lr: 0.000004 - momentum: 0.000000
2025-01-16 15:02:13,031 epoch 8 - iter 78/393 - loss 0.00413186 - time (sec): 13.16 - samples/sec: 1000.32 - lr: 0.000004 - momentum: 0.000000
2025-01-16 15:02:19,674 epoch 8 - iter 117/393 - loss 0.00391295 - time (sec): 19.80 - samples/sec: 960.99 - lr: 0.000004 - momentum: 0.000000
2025-01-16 15:02:26,159 epoch 8 - iter 156/393 - loss 0.00717801 - time (sec): 26.29 - samples/sec: 940.95 - lr: 0.000004 - momentum: 0.000000
2025-01-16 15:02:32,729 epoch 8 - iter 195/393 - loss 0.00639758 - time (sec): 32.86 - samples/sec: 945.81 - lr: 0.000003 - momentum: 0.000000
2025-01-16 15:02:39,376 epoch 8 - iter 234/393 - loss 0.00697044 - time (sec): 39.50 - samples/sec: 929.72 - lr: 0.000003 - momentum: 0.000000
2025-01-16 15:02:46,247 epoch 8 - iter 273/393 - loss 0.00722108 - time (sec): 46.37 - samples/sec: 943.32 - lr: 0.000003 - momentum: 0.000000
2025-01-16 15:02:52,853 epoch 8 - iter 312/393 - loss 0.00664379 - time (sec): 52.98 - samples/sec: 948.03 - lr: 0.000003 - momentum: 0.000000
2025-01-16 15:02:59,514 epoch 8 - iter 351/393 - loss 0.00650801 - time (sec): 59.64 - samples/sec: 930.13 - lr: 0.000003 - momentum: 0.000000
2025-01-16 15:03:06,385 epoch 8 - iter 390/393 - loss 0.00686127 - time (sec): 66.51 - samples/sec: 924.86 - lr: 0.000003 - momentum: 0.000000
2025-01-16 15:03:06,807 ----------------------------------------------------------------------------------------------------
2025-01-16 15:03:06,807 EPOCH 8 done: loss 0.0068 - lr: 0.000003
2025-01-16 15:03:09,080 DEV : loss 0.015849905088543892 - f1-score (micro avg)  0.9797
2025-01-16 15:03:09,083 ----------------------------------------------------------------------------------------------------
2025-01-16 15:03:15,513 epoch 9 - iter 39/393 - loss 0.00425964 - time (sec): 6.43 - samples/sec: 855.63 - lr: 0.000003 - momentum: 0.000000
2025-01-16 15:03:22,083 epoch 9 - iter 78/393 - loss 0.00877248 - time (sec): 13.00 - samples/sec: 920.40 - lr: 0.000003 - momentum: 0.000000
2025-01-16 15:03:29,051 epoch 9 - iter 117/393 - loss 0.01171656 - time (sec): 19.97 - samples/sec: 973.77 - lr: 0.000003 - momentum: 0.000000
2025-01-16 15:03:35,611 epoch 9 - iter 156/393 - loss 0.00970872 - time (sec): 26.53 - samples/sec: 934.27 - lr: 0.000003 - momentum: 0.000000
2025-01-16 15:03:42,293 epoch 9 - iter 195/393 - loss 0.00886652 - time (sec): 33.21 - samples/sec: 948.86 - lr: 0.000003 - momentum: 0.000000
2025-01-16 15:03:48,873 epoch 9 - iter 234/393 - loss 0.00875244 - time (sec): 39.79 - samples/sec: 928.30 - lr: 0.000003 - momentum: 0.000000
2025-01-16 15:03:55,319 epoch 9 - iter 273/393 - loss 0.00883060 - time (sec): 46.24 - samples/sec: 926.23 - lr: 0.000003 - momentum: 0.000000
2025-01-16 15:04:02,108 epoch 9 - iter 312/393 - loss 0.00777588 - time (sec): 53.03 - samples/sec: 943.63 - lr: 0.000003 - momentum: 0.000000
2025-01-16 15:04:08,614 epoch 9 - iter 351/393 - loss 0.00746888 - time (sec): 59.53 - samples/sec: 937.96 - lr: 0.000003 - momentum: 0.000000
2025-01-16 15:04:15,205 epoch 9 - iter 390/393 - loss 0.00701055 - time (sec): 66.12 - samples/sec: 930.76 - lr: 0.000003 - momentum: 0.000000
2025-01-16 15:04:15,632 ----------------------------------------------------------------------------------------------------
2025-01-16 15:04:15,632 EPOCH 9 done: loss 0.0070 - lr: 0.000003
2025-01-16 15:04:17,888 DEV : loss 0.015434656292200089 - f1-score (micro avg)  0.9827
2025-01-16 15:04:17,891 ----------------------------------------------------------------------------------------------------
2025-01-16 15:04:24,451 epoch 10 - iter 39/393 - loss 0.00351849 - time (sec): 6.56 - samples/sec: 897.59 - lr: 0.000003 - momentum: 0.000000
2025-01-16 15:04:30,926 epoch 10 - iter 78/393 - loss 0.00578799 - time (sec): 13.03 - samples/sec: 911.12 - lr: 0.000003 - momentum: 0.000000
2025-01-16 15:04:37,730 epoch 10 - iter 117/393 - loss 0.00816649 - time (sec): 19.84 - samples/sec: 922.26 - lr: 0.000003 - momentum: 0.000000
2025-01-16 15:04:44,162 epoch 10 - iter 156/393 - loss 0.00663099 - time (sec): 26.27 - samples/sec: 917.09 - lr: 0.000003 - momentum: 0.000000
2025-01-16 15:04:50,628 epoch 10 - iter 195/393 - loss 0.00695216 - time (sec): 32.74 - samples/sec: 922.03 - lr: 0.000003 - momentum: 0.000000
2025-01-16 15:04:57,128 epoch 10 - iter 234/393 - loss 0.00836671 - time (sec): 39.24 - samples/sec: 903.04 - lr: 0.000003 - momentum: 0.000000
2025-01-16 15:05:03,891 epoch 10 - iter 273/393 - loss 0.00772161 - time (sec): 46.00 - samples/sec: 918.21 - lr: 0.000003 - momentum: 0.000000
2025-01-16 15:05:10,681 epoch 10 - iter 312/393 - loss 0.00702810 - time (sec): 52.79 - samples/sec: 928.29 - lr: 0.000003 - momentum: 0.000000
2025-01-16 15:05:17,213 epoch 10 - iter 351/393 - loss 0.00638877 - time (sec): 59.32 - samples/sec: 932.82 - lr: 0.000003 - momentum: 0.000000
2025-01-16 15:05:23,853 epoch 10 - iter 390/393 - loss 0.00637869 - time (sec): 65.96 - samples/sec: 932.02 - lr: 0.000003 - momentum: 0.000000
2025-01-16 15:05:24,289 ----------------------------------------------------------------------------------------------------
2025-01-16 15:05:24,289 EPOCH 10 done: loss 0.0068 - lr: 0.000003
2025-01-16 15:05:26,540 DEV : loss 0.011837244965136051 - f1-score (micro avg)  0.9811
2025-01-16 15:05:26,542 ----------------------------------------------------------------------------------------------------
2025-01-16 15:05:33,192 epoch 11 - iter 39/393 - loss 0.00714234 - time (sec): 6.65 - samples/sec: 872.77 - lr: 0.000003 - momentum: 0.000000
2025-01-16 15:05:39,994 epoch 11 - iter 78/393 - loss 0.00662475 - time (sec): 13.45 - samples/sec: 885.95 - lr: 0.000003 - momentum: 0.000000
2025-01-16 15:05:46,731 epoch 11 - iter 117/393 - loss 0.00919705 - time (sec): 20.19 - samples/sec: 970.59 - lr: 0.000003 - momentum: 0.000000
2025-01-16 15:05:53,218 epoch 11 - iter 156/393 - loss 0.00751623 - time (sec): 26.67 - samples/sec: 936.84 - lr: 0.000003 - momentum: 0.000000
2025-01-16 15:05:59,739 epoch 11 - iter 195/393 - loss 0.00696480 - time (sec): 33.20 - samples/sec: 913.91 - lr: 0.000003 - momentum: 0.000000
2025-01-16 15:06:06,779 epoch 11 - iter 234/393 - loss 0.00585066 - time (sec): 40.24 - samples/sec: 920.11 - lr: 0.000003 - momentum: 0.000000
2025-01-16 15:06:13,602 epoch 11 - iter 273/393 - loss 0.00707952 - time (sec): 47.06 - samples/sec: 936.27 - lr: 0.000003 - momentum: 0.000000
2025-01-16 15:06:20,224 epoch 11 - iter 312/393 - loss 0.00655197 - time (sec): 53.68 - samples/sec: 928.42 - lr: 0.000003 - momentum: 0.000000
2025-01-16 15:06:26,530 epoch 11 - iter 351/393 - loss 0.00609224 - time (sec): 59.99 - samples/sec: 922.97 - lr: 0.000003 - momentum: 0.000000
2025-01-16 15:06:33,067 epoch 11 - iter 390/393 - loss 0.00566666 - time (sec): 66.52 - samples/sec: 925.56 - lr: 0.000003 - momentum: 0.000000
2025-01-16 15:06:33,480 ----------------------------------------------------------------------------------------------------
2025-01-16 15:06:33,480 EPOCH 11 done: loss 0.0056 - lr: 0.000003
2025-01-16 15:06:35,772 DEV : loss 0.020990174263715744 - f1-score (micro avg)  0.9781
2025-01-16 15:06:35,774 ----------------------------------------------------------------------------------------------------
2025-01-16 15:06:42,447 epoch 12 - iter 39/393 - loss 0.01227876 - time (sec): 6.67 - samples/sec: 858.03 - lr: 0.000002 - momentum: 0.000000
2025-01-16 15:06:48,952 epoch 12 - iter 78/393 - loss 0.01292910 - time (sec): 13.18 - samples/sec: 800.31 - lr: 0.000002 - momentum: 0.000000
2025-01-16 15:06:55,630 epoch 12 - iter 117/393 - loss 0.01056930 - time (sec): 19.86 - samples/sec: 845.68 - lr: 0.000002 - momentum: 0.000000
2025-01-16 15:07:02,309 epoch 12 - iter 156/393 - loss 0.00926769 - time (sec): 26.53 - samples/sec: 859.46 - lr: 0.000002 - momentum: 0.000000
2025-01-16 15:07:09,128 epoch 12 - iter 195/393 - loss 0.00831671 - time (sec): 33.35 - samples/sec: 881.97 - lr: 0.000002 - momentum: 0.000000
2025-01-16 15:07:15,935 epoch 12 - iter 234/393 - loss 0.00706042 - time (sec): 40.16 - samples/sec: 917.89 - lr: 0.000002 - momentum: 0.000000
2025-01-16 15:07:22,573 epoch 12 - iter 273/393 - loss 0.00619761 - time (sec): 46.80 - samples/sec: 920.56 - lr: 0.000002 - momentum: 0.000000
2025-01-16 15:07:29,323 epoch 12 - iter 312/393 - loss 0.00537589 - time (sec): 53.55 - samples/sec: 937.25 - lr: 0.000002 - momentum: 0.000000
2025-01-16 15:07:35,723 epoch 12 - iter 351/393 - loss 0.00530611 - time (sec): 59.95 - samples/sec: 927.89 - lr: 0.000002 - momentum: 0.000000
2025-01-16 15:07:42,449 epoch 12 - iter 390/393 - loss 0.00523047 - time (sec): 66.67 - samples/sec: 922.22 - lr: 0.000002 - momentum: 0.000000
2025-01-16 15:07:42,878 ----------------------------------------------------------------------------------------------------
2025-01-16 15:07:42,878 EPOCH 12 done: loss 0.0052 - lr: 0.000002
2025-01-16 15:07:45,156 DEV : loss 0.012284340336918831 - f1-score (micro avg)  0.9843
2025-01-16 15:07:45,158 ----------------------------------------------------------------------------------------------------
2025-01-16 15:07:51,697 epoch 13 - iter 39/393 - loss 0.00878599 - time (sec): 6.54 - samples/sec: 986.41 - lr: 0.000002 - momentum: 0.000000
2025-01-16 15:07:58,378 epoch 13 - iter 78/393 - loss 0.00657760 - time (sec): 13.22 - samples/sec: 906.34 - lr: 0.000002 - momentum: 0.000000
2025-01-16 15:08:04,945 epoch 13 - iter 117/393 - loss 0.00511968 - time (sec): 19.79 - samples/sec: 914.10 - lr: 0.000002 - momentum: 0.000000
2025-01-16 15:08:11,600 epoch 13 - iter 156/393 - loss 0.00598223 - time (sec): 26.44 - samples/sec: 899.80 - lr: 0.000002 - momentum: 0.000000
2025-01-16 15:08:18,135 epoch 13 - iter 195/393 - loss 0.00508248 - time (sec): 32.98 - samples/sec: 892.60 - lr: 0.000002 - momentum: 0.000000
2025-01-16 15:08:24,930 epoch 13 - iter 234/393 - loss 0.00481427 - time (sec): 39.77 - samples/sec: 904.28 - lr: 0.000002 - momentum: 0.000000
2025-01-16 15:08:31,412 epoch 13 - iter 273/393 - loss 0.00504997 - time (sec): 46.25 - samples/sec: 901.01 - lr: 0.000002 - momentum: 0.000000
2025-01-16 15:08:37,828 epoch 13 - iter 312/393 - loss 0.00492859 - time (sec): 52.67 - samples/sec: 898.64 - lr: 0.000002 - momentum: 0.000000
2025-01-16 15:08:44,687 epoch 13 - iter 351/393 - loss 0.00429535 - time (sec): 59.53 - samples/sec: 912.69 - lr: 0.000002 - momentum: 0.000000
2025-01-16 15:08:51,541 epoch 13 - iter 390/393 - loss 0.00423173 - time (sec): 66.38 - samples/sec: 926.78 - lr: 0.000002 - momentum: 0.000000
2025-01-16 15:08:51,976 ----------------------------------------------------------------------------------------------------
2025-01-16 15:08:51,977 EPOCH 13 done: loss 0.0042 - lr: 0.000002
2025-01-16 15:08:54,236 DEV : loss 0.014924844726920128 - f1-score (micro avg)  0.9827
2025-01-16 15:08:54,238 ----------------------------------------------------------------------------------------------------
2025-01-16 15:09:00,736 epoch 14 - iter 39/393 - loss 0.00187241 - time (sec): 6.50 - samples/sec: 835.12 - lr: 0.000002 - momentum: 0.000000
2025-01-16 15:09:07,817 epoch 14 - iter 78/393 - loss 0.00715546 - time (sec): 13.58 - samples/sec: 942.05 - lr: 0.000002 - momentum: 0.000000
2025-01-16 15:09:14,496 epoch 14 - iter 117/393 - loss 0.00579184 - time (sec): 20.26 - samples/sec: 958.24 - lr: 0.000002 - momentum: 0.000000
2025-01-16 15:09:21,224 epoch 14 - iter 156/393 - loss 0.00576508 - time (sec): 26.99 - samples/sec: 976.35 - lr: 0.000002 - momentum: 0.000000
2025-01-16 15:09:27,973 epoch 14 - iter 195/393 - loss 0.00510683 - time (sec): 33.73 - samples/sec: 964.03 - lr: 0.000002 - momentum: 0.000000
2025-01-16 15:09:34,858 epoch 14 - iter 234/393 - loss 0.00428225 - time (sec): 40.62 - samples/sec: 954.91 - lr: 0.000002 - momentum: 0.000000
2025-01-16 15:09:41,461 epoch 14 - iter 273/393 - loss 0.00435452 - time (sec): 47.22 - samples/sec: 957.53 - lr: 0.000002 - momentum: 0.000000
2025-01-16 15:09:48,128 epoch 14 - iter 312/393 - loss 0.00405667 - time (sec): 53.89 - samples/sec: 954.63 - lr: 0.000002 - momentum: 0.000000
2025-01-16 15:09:54,450 epoch 14 - iter 351/393 - loss 0.00369791 - time (sec): 60.21 - samples/sec: 937.51 - lr: 0.000002 - momentum: 0.000000
2025-01-16 15:10:00,980 epoch 14 - iter 390/393 - loss 0.00407310 - time (sec): 66.74 - samples/sec: 922.80 - lr: 0.000002 - momentum: 0.000000
2025-01-16 15:10:01,431 ----------------------------------------------------------------------------------------------------
2025-01-16 15:10:01,431 EPOCH 14 done: loss 0.0041 - lr: 0.000002
2025-01-16 15:10:03,688 DEV : loss 0.012232843786478043 - f1-score (micro avg)  0.9843
2025-01-16 15:10:03,691 ----------------------------------------------------------------------------------------------------
2025-01-16 15:10:10,511 epoch 15 - iter 39/393 - loss 0.00191065 - time (sec): 6.82 - samples/sec: 1153.98 - lr: 0.000002 - momentum: 0.000000
2025-01-16 15:10:17,085 epoch 15 - iter 78/393 - loss 0.00119809 - time (sec): 13.39 - samples/sec: 979.39 - lr: 0.000002 - momentum: 0.000000
2025-01-16 15:10:23,952 epoch 15 - iter 117/393 - loss 0.00197554 - time (sec): 20.26 - samples/sec: 981.20 - lr: 0.000002 - momentum: 0.000000
2025-01-16 15:10:30,565 epoch 15 - iter 156/393 - loss 0.00248756 - time (sec): 26.87 - samples/sec: 944.04 - lr: 0.000002 - momentum: 0.000000
2025-01-16 15:10:37,018 epoch 15 - iter 195/393 - loss 0.00250974 - time (sec): 33.33 - samples/sec: 931.99 - lr: 0.000002 - momentum: 0.000000
2025-01-16 15:10:43,501 epoch 15 - iter 234/393 - loss 0.00240806 - time (sec): 39.81 - samples/sec: 912.63 - lr: 0.000002 - momentum: 0.000000
2025-01-16 15:10:50,157 epoch 15 - iter 273/393 - loss 0.00231155 - time (sec): 46.47 - samples/sec: 922.58 - lr: 0.000001 - momentum: 0.000000
2025-01-16 15:10:56,790 epoch 15 - iter 312/393 - loss 0.00253388 - time (sec): 53.10 - samples/sec: 929.25 - lr: 0.000001 - momentum: 0.000000
2025-01-16 15:11:03,620 epoch 15 - iter 351/393 - loss 0.00232113 - time (sec): 59.93 - samples/sec: 930.95 - lr: 0.000001 - momentum: 0.000000
2025-01-16 15:11:10,037 epoch 15 - iter 390/393 - loss 0.00244497 - time (sec): 66.35 - samples/sec: 926.68 - lr: 0.000001 - momentum: 0.000000
2025-01-16 15:11:10,466 ----------------------------------------------------------------------------------------------------
2025-01-16 15:11:10,466 EPOCH 15 done: loss 0.0024 - lr: 0.000001
2025-01-16 15:11:12,723 DEV : loss 0.01435526181012392 - f1-score (micro avg)  0.9827
2025-01-16 15:11:12,725 ----------------------------------------------------------------------------------------------------
2025-01-16 15:11:19,330 epoch 16 - iter 39/393 - loss 0.00023448 - time (sec): 6.60 - samples/sec: 1010.70 - lr: 0.000001 - momentum: 0.000000
2025-01-16 15:11:25,983 epoch 16 - iter 78/393 - loss 0.00021857 - time (sec): 13.26 - samples/sec: 995.02 - lr: 0.000001 - momentum: 0.000000
2025-01-16 15:11:32,596 epoch 16 - iter 117/393 - loss 0.00107391 - time (sec): 19.87 - samples/sec: 957.33 - lr: 0.000001 - momentum: 0.000000
2025-01-16 15:11:39,177 epoch 16 - iter 156/393 - loss 0.00109900 - time (sec): 26.45 - samples/sec: 937.98 - lr: 0.000001 - momentum: 0.000000
2025-01-16 15:11:45,757 epoch 16 - iter 195/393 - loss 0.00219324 - time (sec): 33.03 - samples/sec: 937.90 - lr: 0.000001 - momentum: 0.000000
2025-01-16 15:11:52,332 epoch 16 - iter 234/393 - loss 0.00192818 - time (sec): 39.61 - samples/sec: 922.08 - lr: 0.000001 - momentum: 0.000000
2025-01-16 15:11:58,917 epoch 16 - iter 273/393 - loss 0.00213765 - time (sec): 46.19 - samples/sec: 924.63 - lr: 0.000001 - momentum: 0.000000
2025-01-16 15:12:05,590 epoch 16 - iter 312/393 - loss 0.00198076 - time (sec): 52.86 - samples/sec: 925.85 - lr: 0.000001 - momentum: 0.000000
2025-01-16 15:12:12,252 epoch 16 - iter 351/393 - loss 0.00175842 - time (sec): 59.53 - samples/sec: 930.54 - lr: 0.000001 - momentum: 0.000000
2025-01-16 15:12:18,889 epoch 16 - iter 390/393 - loss 0.00188965 - time (sec): 66.16 - samples/sec: 927.68 - lr: 0.000001 - momentum: 0.000000
2025-01-16 15:12:19,330 ----------------------------------------------------------------------------------------------------
2025-01-16 15:12:19,331 EPOCH 16 done: loss 0.0019 - lr: 0.000001
2025-01-16 15:12:21,596 DEV : loss 0.013928010128438473 - f1-score (micro avg)  0.9843
2025-01-16 15:12:21,599 ----------------------------------------------------------------------------------------------------
2025-01-16 15:12:28,381 epoch 17 - iter 39/393 - loss 0.00000479 - time (sec): 6.78 - samples/sec: 910.21 - lr: 0.000001 - momentum: 0.000000
2025-01-16 15:12:34,882 epoch 17 - iter 78/393 - loss 0.00208042 - time (sec): 13.28 - samples/sec: 910.29 - lr: 0.000001 - momentum: 0.000000
2025-01-16 15:12:41,748 epoch 17 - iter 117/393 - loss 0.00242584 - time (sec): 20.15 - samples/sec: 962.04 - lr: 0.000001 - momentum: 0.000000
2025-01-16 15:12:48,434 epoch 17 - iter 156/393 - loss 0.00281418 - time (sec): 26.83 - samples/sec: 976.47 - lr: 0.000001 - momentum: 0.000000
2025-01-16 15:12:54,960 epoch 17 - iter 195/393 - loss 0.00225815 - time (sec): 33.36 - samples/sec: 979.27 - lr: 0.000001 - momentum: 0.000000
2025-01-16 15:13:01,526 epoch 17 - iter 234/393 - loss 0.00232511 - time (sec): 39.93 - samples/sec: 960.54 - lr: 0.000001 - momentum: 0.000000
2025-01-16 15:13:07,922 epoch 17 - iter 273/393 - loss 0.00209663 - time (sec): 46.32 - samples/sec: 941.44 - lr: 0.000001 - momentum: 0.000000
2025-01-16 15:13:14,534 epoch 17 - iter 312/393 - loss 0.00191136 - time (sec): 52.93 - samples/sec: 939.63 - lr: 0.000001 - momentum: 0.000000
2025-01-16 15:13:21,411 epoch 17 - iter 351/393 - loss 0.00208907 - time (sec): 59.81 - samples/sec: 925.70 - lr: 0.000001 - momentum: 0.000000
2025-01-16 15:13:28,074 epoch 17 - iter 390/393 - loss 0.00193330 - time (sec): 66.47 - samples/sec: 924.88 - lr: 0.000001 - momentum: 0.000000
2025-01-16 15:13:28,514 ----------------------------------------------------------------------------------------------------
2025-01-16 15:13:28,514 EPOCH 17 done: loss 0.0019 - lr: 0.000001
2025-01-16 15:13:30,773 DEV : loss 0.014232609421014786 - f1-score (micro avg)  0.9843
2025-01-16 15:13:30,775 ----------------------------------------------------------------------------------------------------
2025-01-16 15:13:37,241 epoch 18 - iter 39/393 - loss 0.00060568 - time (sec): 6.47 - samples/sec: 780.77 - lr: 0.000001 - momentum: 0.000000
2025-01-16 15:13:44,011 epoch 18 - iter 78/393 - loss 0.00122144 - time (sec): 13.23 - samples/sec: 867.17 - lr: 0.000001 - momentum: 0.000000
2025-01-16 15:13:50,713 epoch 18 - iter 117/393 - loss 0.00086313 - time (sec): 19.94 - samples/sec: 889.99 - lr: 0.000001 - momentum: 0.000000
2025-01-16 15:13:57,281 epoch 18 - iter 156/393 - loss 0.00110238 - time (sec): 26.50 - samples/sec: 887.76 - lr: 0.000001 - momentum: 0.000000
2025-01-16 15:14:04,084 epoch 18 - iter 195/393 - loss 0.00115891 - time (sec): 33.31 - samples/sec: 909.66 - lr: 0.000001 - momentum: 0.000000
2025-01-16 15:14:10,661 epoch 18 - iter 234/393 - loss 0.00158002 - time (sec): 39.89 - samples/sec: 902.92 - lr: 0.000001 - momentum: 0.000000
2025-01-16 15:14:17,271 epoch 18 - iter 273/393 - loss 0.00148751 - time (sec): 46.50 - samples/sec: 908.33 - lr: 0.000001 - momentum: 0.000000
2025-01-16 15:14:24,326 epoch 18 - iter 312/393 - loss 0.00133605 - time (sec): 53.55 - samples/sec: 928.91 - lr: 0.000001 - momentum: 0.000000
2025-01-16 15:14:30,653 epoch 18 - iter 351/393 - loss 0.00125764 - time (sec): 59.88 - samples/sec: 925.12 - lr: 0.000001 - momentum: 0.000000
2025-01-16 15:14:37,243 epoch 18 - iter 390/393 - loss 0.00156137 - time (sec): 66.47 - samples/sec: 923.88 - lr: 0.000001 - momentum: 0.000000
2025-01-16 15:14:37,699 ----------------------------------------------------------------------------------------------------
2025-01-16 15:14:37,699 EPOCH 18 done: loss 0.0016 - lr: 0.000001
2025-01-16 15:14:39,950 DEV : loss 0.014554975554347038 - f1-score (micro avg)  0.9874
2025-01-16 15:14:39,952 ----------------------------------------------------------------------------------------------------
2025-01-16 15:14:46,748 epoch 19 - iter 39/393 - loss 0.00046123 - time (sec): 6.80 - samples/sec: 996.16 - lr: 0.000001 - momentum: 0.000000
2025-01-16 15:14:53,341 epoch 19 - iter 78/393 - loss 0.00260485 - time (sec): 13.39 - samples/sec: 943.13 - lr: 0.000001 - momentum: 0.000000
2025-01-16 15:14:59,865 epoch 19 - iter 117/393 - loss 0.00180956 - time (sec): 19.91 - samples/sec: 939.88 - lr: 0.000000 - momentum: 0.000000
2025-01-16 15:15:06,105 epoch 19 - iter 156/393 - loss 0.00148143 - time (sec): 26.15 - samples/sec: 902.72 - lr: 0.000000 - momentum: 0.000000
2025-01-16 15:15:12,595 epoch 19 - iter 195/393 - loss 0.00181708 - time (sec): 32.64 - samples/sec: 899.09 - lr: 0.000000 - momentum: 0.000000
2025-01-16 15:15:19,700 epoch 19 - iter 234/393 - loss 0.00154554 - time (sec): 39.75 - samples/sec: 915.23 - lr: 0.000000 - momentum: 0.000000
2025-01-16 15:15:26,362 epoch 19 - iter 273/393 - loss 0.00135686 - time (sec): 46.41 - samples/sec: 908.82 - lr: 0.000000 - momentum: 0.000000
2025-01-16 15:15:33,051 epoch 19 - iter 312/393 - loss 0.00132292 - time (sec): 53.10 - samples/sec: 924.18 - lr: 0.000000 - momentum: 0.000000
2025-01-16 15:15:39,721 epoch 19 - iter 351/393 - loss 0.00131169 - time (sec): 59.77 - samples/sec: 930.29 - lr: 0.000000 - momentum: 0.000000
2025-01-16 15:15:46,392 epoch 19 - iter 390/393 - loss 0.00124200 - time (sec): 66.44 - samples/sec: 925.12 - lr: 0.000000 - momentum: 0.000000
2025-01-16 15:15:46,834 ----------------------------------------------------------------------------------------------------
2025-01-16 15:15:46,834 EPOCH 19 done: loss 0.0012 - lr: 0.000000
2025-01-16 15:15:49,101 DEV : loss 0.014761989936232567 - f1-score (micro avg)  0.9874
2025-01-16 15:15:49,103 ----------------------------------------------------------------------------------------------------
2025-01-16 15:15:55,787 epoch 20 - iter 39/393 - loss 0.00018981 - time (sec): 6.68 - samples/sec: 922.65 - lr: 0.000000 - momentum: 0.000000
2025-01-16 15:16:02,283 epoch 20 - iter 78/393 - loss 0.00067410 - time (sec): 13.18 - samples/sec: 925.58 - lr: 0.000000 - momentum: 0.000000
2025-01-16 15:16:09,156 epoch 20 - iter 117/393 - loss 0.00064586 - time (sec): 20.05 - samples/sec: 957.58 - lr: 0.000000 - momentum: 0.000000
2025-01-16 15:16:15,675 epoch 20 - iter 156/393 - loss 0.00070713 - time (sec): 26.57 - samples/sec: 922.49 - lr: 0.000000 - momentum: 0.000000
2025-01-16 15:16:22,555 epoch 20 - iter 195/393 - loss 0.00124861 - time (sec): 33.45 - samples/sec: 929.40 - lr: 0.000000 - momentum: 0.000000
2025-01-16 15:16:29,153 epoch 20 - iter 234/393 - loss 0.00103659 - time (sec): 40.05 - samples/sec: 937.23 - lr: 0.000000 - momentum: 0.000000
2025-01-16 15:16:35,674 epoch 20 - iter 273/393 - loss 0.00097715 - time (sec): 46.57 - samples/sec: 936.41 - lr: 0.000000 - momentum: 0.000000
2025-01-16 15:16:41,998 epoch 20 - iter 312/393 - loss 0.00109764 - time (sec): 52.89 - samples/sec: 925.16 - lr: 0.000000 - momentum: 0.000000
2025-01-16 15:16:48,458 epoch 20 - iter 351/393 - loss 0.00124065 - time (sec): 59.35 - samples/sec: 916.93 - lr: 0.000000 - momentum: 0.000000
2025-01-16 15:16:55,248 epoch 20 - iter 390/393 - loss 0.00137992 - time (sec): 66.14 - samples/sec: 931.18 - lr: 0.000000 - momentum: 0.000000
2025-01-16 15:16:55,676 ----------------------------------------------------------------------------------------------------
2025-01-16 15:16:55,676 EPOCH 20 done: loss 0.0014 - lr: 0.000000
2025-01-16 15:16:57,964 DEV : loss 0.015232876874506474 - f1-score (micro avg)  0.9858
2025-01-16 15:16:59,527 ----------------------------------------------------------------------------------------------------
2025-01-16 15:16:59,528 Testing using last state of model ...
2025-01-16 15:17:04,027 
Results:
- F-score (micro) 0.9858
- F-score (macro) 0.9779
- Accuracy 0.9721

By class:
              precision    recall  f1-score   support

       Model     0.9788    0.9938    0.9863       650
 Application     0.9000    1.0000    0.9474         9
     License     1.0000    1.0000    1.0000         6

   micro avg     0.9778    0.9940    0.9858       665
   macro avg     0.9596    0.9979    0.9779       665
weighted avg     0.9779    0.9940    0.9859       665

2025-01-16 15:17:04,027 ----------------------------------------------------------------------------------------------------
